package timenowsub

import (
	faketime "faketime/time"
	"time"
)

func bad(t time.Time) {
	_ = time.Since(t) // want `time\.Now\(\)\.Sub\(t\) can be simplified to time\.Since\(t\)`
}

func badAssign(start time.Time) time.Duration {
	return time.Since(start) // want `time\.Now\(\)\.Sub\(start\) can be simplified to time\.Since\(start\)`
}

func good(t time.Time) {
	_ = time.Since(t)
}

func goodOtherSub(a, b time.Time) {
	_ = a.Sub(b)
}

func goodCallExprArg() {
	_ = time.Now().Sub(loadStart())
}

func goodOtherTimePackage(t faketime.Time) {
	_ = faketime.Now().Sub(t)
}

func loadStart() time.Time {
	return time.Now()
}
