package fprintlnsprintf

import (
	"fmt"
	"os"
)

func flagged(name string) {
	fmt.Fprintf(os.Stderr, "hello %s\n", name) // want "use fmt.Fprintf"
}

func flaggedAlreadyNewline(name string) {
	fmt.Fprintf(os.Stderr, "hello %s\n", name) // want "use fmt.Fprintf"
}

func notFlagged(name string) {
	fmt.Fprintln(os.Stderr, "plain string")
	fmt.Fprintln(os.Stderr, "prefix", fmt.Sprintf("hello %s", name))
	fmt.Fprintln(os.Stderr, fmt.Sprintf("hello %s", name), "suffix")
	fmt.Fprintln(os.Stderr)
	fmt.Fprintf(os.Stderr, "hello %s\n", name)
}

func suppressed(name string) {
	//nolint:fprintlnsprintf
	fmt.Fprintln(os.Stderr, fmt.Sprintf("hello %s", name))
	fmt.Fprintln(os.Stderr, fmt.Sprintf("hello %s", name)) //nolint:fprintlnsprintf
}

// shadowed: a local variable named "fmt" with Fprintln/Sprintf methods should NOT be flagged.
type fmtWriter struct{}

func (fmtWriter) Fprintln(_ interface{}, _ ...interface{}) {}
func (fmtWriter) Sprintf(_ string, _ ...interface{}) string { return "" }

func shadowedFmt(name string) {
	fmt := fmtWriter{}
	fmt.Fprintln(os.Stderr, fmt.Sprintf("hello %s", name)) // should NOT be flagged
}
