package mapclearloop

func bad() {
	m := map[string]int{"a": 1, "b": 2}

	clear(m)

	m2 := map[int]string{1: "x"}
	clear(m2)
}

func good() {
	m := map[string]int{"a": 1}

	// Only ranging over value – not flagged.
	for _, v := range m {
		_ = v
	}

	// Body has more than one statement – not flagged.
	for k := range m {
		delete(m, k)
		_ = k
	}

	// Deleting into a different map – not flagged.
	m2 := map[string]int{"b": 2}
	for k := range m {
		delete(m2, k)
	}

	// delete is shadowed – not flagged.
	delete := func(_ map[string]int, _ string) {}
	for k := range m {
		delete(m, k)
	}

	// Ranging over a slice – not flagged.
	s := []int{1, 2, 3}
	for i := range s {
		_ = i
	}
}
